si/fri/prpo/finance/dto/TransactionRequest.class
si/fri/prpo/finance/api/v1/PortfolioResource.class
si/fri/prpo/finance/dto/SuccessResponse.class
si/fri/prpo/finance/dto/CreatePositionRequest.class
si/fri/prpo/finance/clients/UserClient.class
si/fri/prpo/finance/dto/CreateStockRequest.class
si/fri/prpo/finance/clients/TransactionClient.class
si/fri/prpo/finance/exceptions/StockException.class
si/fri/prpo/finance/api/v1/StockResource.class
si/fri/prpo/finance/entitete/Portfolio.class
si/fri/prpo/finance/api/v1/RestApplication.class
si/fri/prpo/finance/dto/StockDTO.class
si/fri/prpo/finance/dto/TransferRequest.class
si/fri/prpo/finance/health/ServiceHealthCheck.class
si/fri/prpo/finance/api/mappers/GeneralExceptionMapper.class
si/fri/prpo/finance/entitete/Stock.class
si/fri/prpo/finance/config/JsonConfig$1.class
si/fri/prpo/finance/zrna/PortfolioBean.class
si/fri/prpo/finance/zrna/YahooFinanceService.class
si/fri/prpo/finance/config/JsonConfig.class
si/fri/prpo/finance/dto/ErrorResponse.class
si/fri/prpo/finance/zrna/StockBean.class
si/fri/prpo/finance/Errors/ErrorResponse.class
si/fri/prpo/finance/servleti/StockServlet.class
si/fri/prpo/finance/exceptions/PortfolioException.class
