/Users/jan/Desktop/PRPO/FinPlan/finplan/portfolio-service/src/main/java/si/fri/prpo/finance/Errors/ErrorResponse.java
/Users/jan/Desktop/PRPO/FinPlan/finplan/portfolio-service/src/main/java/si/fri/prpo/finance/api/mappers/GeneralExceptionMapper.java
/Users/jan/Desktop/PRPO/FinPlan/finplan/portfolio-service/src/main/java/si/fri/prpo/finance/api/mappers/ServiceExceptionMapper.java
/Users/jan/Desktop/PRPO/FinPlan/finplan/portfolio-service/src/main/java/si/fri/prpo/finance/api/v1/PortfolioResource.java
/Users/jan/Desktop/PRPO/FinPlan/finplan/portfolio-service/src/main/java/si/fri/prpo/finance/api/v1/RestApplication.java
/Users/jan/Desktop/PRPO/FinPlan/finplan/portfolio-service/src/main/java/si/fri/prpo/finance/api/v1/StockResource.java
/Users/jan/Desktop/PRPO/FinPlan/finplan/portfolio-service/src/main/java/si/fri/prpo/finance/clients/TransactionClient.java
/Users/jan/Desktop/PRPO/FinPlan/finplan/portfolio-service/src/main/java/si/fri/prpo/finance/clients/UserClient.java
/Users/jan/Desktop/PRPO/FinPlan/finplan/portfolio-service/src/main/java/si/fri/prpo/finance/config/JsonConfig.java
/Users/jan/Desktop/PRPO/FinPlan/finplan/portfolio-service/src/main/java/si/fri/prpo/finance/dto/CreatePositionRequest.java
/Users/jan/Desktop/PRPO/FinPlan/finplan/portfolio-service/src/main/java/si/fri/prpo/finance/dto/CreateStockRequest.java
/Users/jan/Desktop/PRPO/FinPlan/finplan/portfolio-service/src/main/java/si/fri/prpo/finance/dto/ErrorResponse.java
/Users/jan/Desktop/PRPO/FinPlan/finplan/portfolio-service/src/main/java/si/fri/prpo/finance/dto/StockDTO.java
/Users/jan/Desktop/PRPO/FinPlan/finplan/portfolio-service/src/main/java/si/fri/prpo/finance/dto/SuccessResponse.java
/Users/jan/Desktop/PRPO/FinPlan/finplan/portfolio-service/src/main/java/si/fri/prpo/finance/dto/TransactionRequest.java
/Users/jan/Desktop/PRPO/FinPlan/finplan/portfolio-service/src/main/java/si/fri/prpo/finance/dto/TransferRequest.java
/Users/jan/Desktop/PRPO/FinPlan/finplan/portfolio-service/src/main/java/si/fri/prpo/finance/entitete/Portfolio.java
/Users/jan/Desktop/PRPO/FinPlan/finplan/portfolio-service/src/main/java/si/fri/prpo/finance/entitete/Stock.java
/Users/jan/Desktop/PRPO/FinPlan/finplan/portfolio-service/src/main/java/si/fri/prpo/finance/exceptions/PortfolioException.java
/Users/jan/Desktop/PRPO/FinPlan/finplan/portfolio-service/src/main/java/si/fri/prpo/finance/exceptions/StockException.java
/Users/jan/Desktop/PRPO/FinPlan/finplan/portfolio-service/src/main/java/si/fri/prpo/finance/health/ServiceHealthCheck.java
/Users/jan/Desktop/PRPO/FinPlan/finplan/portfolio-service/src/main/java/si/fri/prpo/finance/servleti/StockServlet.java
/Users/jan/Desktop/PRPO/FinPlan/finplan/portfolio-service/src/main/java/si/fri/prpo/finance/zrna/PortfolioBean.java
/Users/jan/Desktop/PRPO/FinPlan/finplan/portfolio-service/src/main/java/si/fri/prpo/finance/zrna/StockBean.java
/Users/jan/Desktop/PRPO/FinPlan/finplan/portfolio-service/src/main/java/si/fri/prpo/finance/zrna/YahooFinanceService.java
